Hello from Elith!